******************************************************************************
                  TI ARM Linker PC v20.2.7                     
******************************************************************************
>> Linked Wed Aug 23 22:29:55 2023

OUTPUT FILE NAME:   <calculator.out>
ENTRY POINT SYMBOL: "_c_int00_noargs"  address: 00001619


MEMORY CONFIGURATION

         name            origin    length      used     unused   attr    fill
----------------------  --------  ---------  --------  --------  ----  --------
  FLASH                 00000000   00040000  000016da  0003e926  R  X
  SRAM                  20000000   00008000  00000252  00007dae  RW X


SEGMENT ALLOCATION MAP

run origin  load origin   length   init length attrs members
----------  ----------- ---------- ----------- ----- -------
00000000    00000000    000016e0   000016e0    r-x
  00000000    00000000    0000026c   0000026c    r-- .intvecs
  0000026c    0000026c    0000141e   0000141e    r-x .text
  00001690    00001690    00000050   00000050    r-- .cinit
20000000    20000000    00000252   00000000    rw-
  20000000    20000000    00000200   00000000    rw- .stack
  20000200    20000200    00000030   00000000    rw- .bss
  20000230    20000230    00000022   00000000    rw- .data


SECTION ALLOCATION MAP

 output                                  attributes/
section   page    origin      length       input sections
--------  ----  ----------  ----------   ----------------
.intvecs   0    00000000    0000026c     
                  00000000    0000026c     tm4c123gh6pm_startup_ccs.obj (.intvecs)

.text      0    0000026c    0000141e     
                  0000026c    00000714     DIO.obj (.text)
                  00000980    0000063c     main.obj (.text)
                  00000fbc    000002cc     LCD.obj (.text)
                  00001288    000001c8     keypad.obj (.text)
                  00001450    0000009c     rtsv7M4_T_le_v4SPD16_eabi.lib : memcpy_t2.asm.obj (.text)
                  000014ec    00000080     delay.obj (.text)
                  0000156c    00000068     rtsv7M4_T_le_v4SPD16_eabi.lib : copy_decompress_lzss.c.obj (.text:decompress:lzss:__TI_decompress_lzss)
                  000015d4    00000044                                   : autoinit.c.obj (.text:__TI_auto_init_nobinit_nopinit:__TI_auto_init_nobinit_nopinit)
                  00001618    00000034                                   : boot_cortex_m.c.obj (.text:_c_int00_noargs:_c_int00_noargs)
                  0000164c    0000001c                                   : copy_zero_init.c.obj (.text:decompress:ZI:__TI_zero_init_nomemset:__TI_zero_init_nomemset)
                  00001668    0000000e                                   : copy_decompress_none.c.obj (.text:decompress:none:__TI_decompress_none)
                  00001676    0000000c     tm4c123gh6pm_startup_ccs.obj (.text)
                  00001682    00000004     rtsv7M4_T_le_v4SPD16_eabi.lib : pre_init.c.obj (.text:_system_pre_init)
                  00001686    00000004                                   : exit.c.obj (.text:abort:abort)

.cinit     0    00001690    00000050     
                  00001690    0000002a     (.cinit..data.load) [load image]
                  000016ba    00000002     --HOLE-- [fill = 0]
                  000016bc    0000000c     (__TI_handler_table)
                  000016c8    00000008     (.cinit..bss.load) [load image, compression = zero_init]
                  000016d0    00000010     (__TI_cinit_table)

.init_array 
*          0    00000000    00000000     UNINITIALIZED

.bss       0    20000200    00000030     UNINITIALIZED
                  20000200    00000020     (.common:conc_nums_ops)
                  20000220    00000010     (.common:input_from_keypad)

.data      0    20000230    00000022     UNINITIALIZED
                  20000230    00000010     keypad.obj (.data:keypad_arr)
                  20000240    00000008     keypad.obj (.data:arr_col)
                  20000248    00000008     keypad.obj (.data:arr_rows)
                  20000250    00000002     main.obj (.data)

.stack     0    20000000    00000200     UNINITIALIZED
                  20000000    00000004     rtsv7M4_T_le_v4SPD16_eabi.lib : boot_cortex_m.c.obj (.stack)
                  20000004    000001fc     --HOLE--

__llvm_prf_cnts 
*          0    20000000    00000000     UNINITIALIZED

MODULE SUMMARY

       Module                         code   ro data   rw data
       ------                         ----   -------   -------
    .\
       DIO.obj                        1812   0         0      
       main.obj                       1596   0         50     
       LCD.obj                        716    0         0      
       tm4c123gh6pm_startup_ccs.obj   12     620       0      
       keypad.obj                     456    0         32     
       delay.obj                      128    0         0      
    +--+------------------------------+------+---------+---------+
       Total:                         4720   620       82     
                                                              
    C:\ti\ccs1230\ccs\tools\compiler\ti-cgt-arm_20.2.7.LTS\lib\rtsv7M4_T_le_v4SPD16_eabi.lib
       memcpy_t2.asm.obj              156    0         0      
       copy_decompress_lzss.c.obj     104    0         0      
       autoinit.c.obj                 68     0         0      
       boot_cortex_m.c.obj            52     0         0      
       copy_zero_init.c.obj           28     0         0      
       copy_decompress_none.c.obj     14     0         0      
       exit.c.obj                     4      0         0      
       pre_init.c.obj                 4      0         0      
    +--+------------------------------+------+---------+---------+
       Total:                         430    0         0      
                                                              
       Stack:                         0      0         512    
       Linker Generated:              0      78        0      
    +--+------------------------------+------+---------+---------+
       Grand Total:                   5150   698       594    


LINKER GENERATED COPY TABLES

__TI_cinit_table @ 000016d0 records: 2, size/record: 8, table size: 16
	.data: load addr=00001690, load size=0000002a bytes, run addr=20000230, run size=00000022 bytes, compression=copy
	.bss: load addr=000016c8, load size=00000008 bytes, run addr=20000200, run size=00000030 bytes, compression=zero_init


LINKER GENERATED HANDLER TABLE

__TI_handler_table @ 000016bc records: 3, size/record: 4, table size: 12
	index: 0, handler: __TI_decompress_lzss
	index: 1, handler: __TI_decompress_none
	index: 2, handler: __TI_zero_init


GLOBAL SYMBOLS: SORTED ALPHABETICALLY BY Name 

address   name                          
-------   ----                          
00001687  C$$EXIT                       
0000026d  DIO_Init                      
000002c5  DIO_Write_Pin                 
00000525  DIO_configurePin              
0000044f  DIO_readPin                   
000010e7  LCD_init                      
000011e1  LCD_wite_cmd_data             
0000124f  LCD_writ_string               
00001677  ResetISR                      
20000200  __STACK_END                   
00000200  __STACK_SIZE                  
20000200  __STACK_TOP                   
000016d0  __TI_CINIT_Base               
000016e0  __TI_CINIT_Limit              
000016bc  __TI_Handler_Table_Base       
000016c8  __TI_Handler_Table_Limit      
000015d5  __TI_auto_init_nobinit_nopinit
0000156d  __TI_decompress_lzss          
00001669  __TI_decompress_none          
ffffffff  __TI_pprof_out_hndl           
ffffffff  __TI_prof_data_size           
ffffffff  __TI_prof_data_start          
00000000  __TI_static_base__            
0000164d  __TI_zero_init_nomemset       
00001451  __aeabi_memcpy                
00001451  __aeabi_memcpy4               
00001451  __aeabi_memcpy8               
ffffffff  __binit__                     
ffffffff  __c_args__                    
UNDEFED   __mpu_init                    
20000000  __stack                       
20000000  __start___llvm_prf_cnts       
20000000  __stop___llvm_prf_cnts        
00001619  _c_int00_noargs               
UNDEFED   _system_post_cinit            
00001683  _system_pre_init              
00001687  abort                         
20000240  arr_col                       
20000248  arr_rows                      
ffffffff  binit                         
00000a3f  charToInt                     
00000bb1  conc                          
20000200  conc_nums_ops                 
20000251  counter                       
0000152b  delay_Micro                   
000014ed  delay_Milli                   
00000b01  displayAnswer                 
00000981  displayFromKeypad             
00000a17  fillArrayFromKeypad           
00000d57  func                          
00000000  g_pfnVectors                  
0000134d  getNum                        
20000220  input_from_keypad             
20000250  input_from_keypad_SIZE_used   
00000a69  intToChar                     
00001289  keypadInit                    
20000230  keypad_arr                    
00000f29  main                          
00001451  memcpy                        
00000dc9  operationHandling             
00000fbd  send_char                     
00000a81  test                          


GLOBAL SYMBOLS: SORTED BY Symbol Address 

address   name                          
-------   ----                          
00000000  __TI_static_base__            
00000000  g_pfnVectors                  
00000200  __STACK_SIZE                  
0000026d  DIO_Init                      
000002c5  DIO_Write_Pin                 
0000044f  DIO_readPin                   
00000525  DIO_configurePin              
00000981  displayFromKeypad             
00000a17  fillArrayFromKeypad           
00000a3f  charToInt                     
00000a69  intToChar                     
00000a81  test                          
00000b01  displayAnswer                 
00000bb1  conc                          
00000d57  func                          
00000dc9  operationHandling             
00000f29  main                          
00000fbd  send_char                     
000010e7  LCD_init                      
000011e1  LCD_wite_cmd_data             
0000124f  LCD_writ_string               
00001289  keypadInit                    
0000134d  getNum                        
00001451  __aeabi_memcpy                
00001451  __aeabi_memcpy4               
00001451  __aeabi_memcpy8               
00001451  memcpy                        
000014ed  delay_Milli                   
0000152b  delay_Micro                   
0000156d  __TI_decompress_lzss          
000015d5  __TI_auto_init_nobinit_nopinit
00001619  _c_int00_noargs               
0000164d  __TI_zero_init_nomemset       
00001669  __TI_decompress_none          
00001677  ResetISR                      
00001683  _system_pre_init              
00001687  C$$EXIT                       
00001687  abort                         
000016bc  __TI_Handler_Table_Base       
000016c8  __TI_Handler_Table_Limit      
000016d0  __TI_CINIT_Base               
000016e0  __TI_CINIT_Limit              
20000000  __stack                       
20000000  __start___llvm_prf_cnts       
20000000  __stop___llvm_prf_cnts        
20000200  __STACK_END                   
20000200  __STACK_TOP                   
20000200  conc_nums_ops                 
20000220  input_from_keypad             
20000230  keypad_arr                    
20000240  arr_col                       
20000248  arr_rows                      
20000250  input_from_keypad_SIZE_used   
20000251  counter                       
ffffffff  __TI_pprof_out_hndl           
ffffffff  __TI_prof_data_size           
ffffffff  __TI_prof_data_start          
ffffffff  __binit__                     
ffffffff  __c_args__                    
ffffffff  binit                         
UNDEFED   __mpu_init                    
UNDEFED   _system_post_cinit            

[62 symbols]
